====================
=S>>>>>>>>>>>>>>V===
================V===
================V===
================V===
================G===
====================
====================
====================
====================
===============S====
===============.====
===============.====
===============.====
==G.............====
====================
====================
====================
====================
====================
