====================
====================
====================
====================
====GV<V<V<V<V<=====
====^V^V^V^V^V^=====
====^V^V^V^V^V^=====
====^V^V^V^V^V^=====
====^V^V^V^V^V^=====
====^V^V^V^V^V^=====
====^V^V^V^V^V^=====
====^V^V^V^V^V^=====
====^V^V^V^V^V^=====
====^V^V^V^V^V^=====
====^V^V^V^V^V^=====
====^<^<^<^<^<S=====
====================
====================
====================
====================
