>>>>>>>>>>>>>>>>>>>V
^==================V
^==================V
^==================V
^==================V
^==================V
^==================V
^==================V
^==================V
^==================V
^==================V
^====.....G<<<<<<<<<
^==...====.=========
^==.======.=========
^==.======.=========
^==........=========
^======.============
^======.============
^====...============
S.....==============
